// Jest Snapshot v1, https://goo.gl/fbAQLP

exports[`should correctly render ExpensesSummary with 1 expese 1`] = `
<div>
  <h1>
    Viewing 
     
    expenses
     totalling 
    $120.20
  </h1>
</div>
`;

exports[`should render 2 expensis correctly with multiple expenses 1`] = `
<div>
  <h1>
    Viewing 
     
    expenses
     totalling 
    $120.20
  </h1>
</div>
`;
